
Map of Debug\stm8s_my_sensor.sm8 from link file Debug\stm8s_my_sensor.lkf - Sat Apr 07 18:59:57 2018


                               --------
                               Segments
                               --------

start 00008080 end 00008256 length   470 segment .const
start 00008270 end 00009c1b length  6571 segment .text
start 00004000 end 00004000 length     0 segment .eeprom
start 00000000 end 00000000 length     0 segment .bsct
start 00000000 end 0000000a length    10 segment .ubsct
start 0000000a end 0000000a length     0 segment .bit
start 0000000a end 0000000a length     0 segment .share
start 00000100 end 00000112 length    18 segment .data, initialized
start 0000825e end 00008270 length    18 segment .data, from
start 00000112 end 00000114 length     2 segment .bss
start 00000000 end 00001433 length  5171 segment .info.
start 00000000 end 00011158 length 69976 segment .debug
start 00008000 end 00008080 length   128 segment .const
start 00008256 end 0000825e length     8 segment .init


                               -------
                               Modules
                               -------

C:\Program Files (x86)\COSMIC\FSE_Compilers\CXSTM8\Lib\crtsi0.sm8:
start 00008270 end 000082c0 length    80 section .text
start 00000112 end 00000112 length     0 section .bss
start 00000000 end 00000000 length     0 section .ubsct
start 00000000 end 00000034 length    52 section .info.

Debug\i2c_master_poll.o:
start 00000000 end 00000290 length   656 section .debug
start 00000034 end 000000c7 length   147 section .info.
start 000082c0 end 000082e5 length    37 section .text
start 000082e5 end 00008465 length   384 section .text
start ******** end ******** length     0 section .text *** removed ***
start 00008465 end 00008472 length    13 section .text
start 00008472 end 00008483 length    17 section .text

Debug\main.o:
start 00000100 end 00000112 length    18 section .data
start 00000112 end 00000114 length     2 section .bss
start 00000290 end 00000643 length   947 section .debug
start 000000c7 end 0000014f length   136 section .info.
start 00008483 end 0000857d length   250 section .text
start 0000857d end 000085ec length   111 section .text
start 000085ec end 0000860c length    32 section .text
start 0000860c end 0000864b length    63 section .text
start 0000864b end 00008676 length    43 section .text
start 00008676 end 00008695 length    31 section .text
start 00008695 end 000086a7 length    18 section .text
start ******** end ******** length     0 section .text *** removed ***
start 000086a7 end 000086a9 length     2 section .text
start 00008080 end 00008167 length   231 section .const

Debug\stm8s_it.o:
start 00000643 end 00000c8c length  1609 section .debug
start 0000014f end 000001db length   140 section .info.
start 000086a9 end 000086aa length     1 section .text
start 000086aa end 000086ab length     1 section .text
start 000086ab end 000086ac length     1 section .text
start 000086ac end 000086ad length     1 section .text
start 000086ad end 000086ae length     1 section .text
start 000086ae end 000086af length     1 section .text
start 000086af end 000086b0 length     1 section .text
start 000086b0 end 000086b1 length     1 section .text
start 000086b1 end 000086b2 length     1 section .text
start 000086b2 end 000086b3 length     1 section .text
start 000086b3 end 000086b4 length     1 section .text
start 000086b4 end 000086b5 length     1 section .text
start 000086b5 end 000086e8 length    51 section .text
start 000086e8 end 0000875f length   119 section .text
start 0000875f end 00008760 length     1 section .text
start 00008760 end 00008761 length     1 section .text
start 00008761 end 00008762 length     1 section .text
start 00008762 end 00008784 length    34 section .text
start 00008784 end 00008785 length     1 section .text
start 00008785 end 000087a8 length    35 section .text
start 000087a8 end 000087a9 length     1 section .text

Debug\stm8s_adc1.o:
start 00000c8c end 00002249 length  5565 section .debug
start 000001db end 0000027d length   162 section .info.
start ******** end ******** length     0 section .text *** removed ***
start ******** end ******** length     0 section .text *** removed ***
start ******** end ******** length     0 section .text *** removed ***
start ******** end ******** length     0 section .text *** removed ***
start ******** end ******** length     0 section .text *** removed ***
start ******** end ******** length     0 section .text *** removed ***
start ******** end ******** length     0 section .text *** removed ***
start ******** end ******** length     0 section .text *** removed ***
start ******** end ******** length     0 section .text *** removed ***
start ******** end ******** length     0 section .text *** removed ***
start ******** end ******** length     0 section .text *** removed ***
start ******** end ******** length     0 section .text *** removed ***
start ******** end ******** length     0 section .text *** removed ***
start ******** end ******** length     0 section .text *** removed ***
start ******** end ******** length     0 section .text *** removed ***
start ******** end ******** length     0 section .text *** removed ***
start ******** end ******** length     0 section .text *** removed ***
start ******** end ******** length     0 section .text *** removed ***
start ******** end ******** length     0 section .text *** removed ***
start ******** end ******** length     0 section .text *** removed ***
start ******** end ******** length     0 section .text *** removed ***
start ******** end ******** length     0 section .const *** removed ***

Debug\stm8s_awu.o:
start 00002249 end 000027fc length  1459 section .debug
start 0000027d end 0000031e length   161 section .info.
start ******** end ******** length     0 section .const *** removed ***
start ******** end ******** length     0 section .text *** removed ***
start ******** end ******** length     0 section .text *** removed ***
start ******** end ******** length     0 section .text *** removed ***
start ******** end ******** length     0 section .text *** removed ***
start ******** end ******** length     0 section .text *** removed ***
start ******** end ******** length     0 section .text *** removed ***

Debug\stm8s_beep.o:
start 000027fc end 00002acb length   719 section .debug
start 0000031e end 000003c0 length   162 section .info.
start ******** end ******** length     0 section .text *** removed ***
start ******** end ******** length     0 section .text *** removed ***
start ******** end ******** length     0 section .text *** removed ***
start ******** end ******** length     0 section .const *** removed ***
start ******** end ******** length     0 section .text *** removed ***

Debug\stm8s_clk.o:
start 00002acb end 00004122 length  5719 section .debug
start 000003c0 end 00000461 length   161 section .info.
start 00008167 end 0000818b length    36 section .const
start 000087a9 end 000087df length    54 section .text
start ******** end ******** length     0 section .text *** removed ***
start 000087df end 00008804 length    37 section .text
start 00008804 end 00008829 length    37 section .text
start 00008829 end 0000884e length    37 section .text
start ******** end ******** length     0 section .text *** removed ***
start 0000884e end 00008873 length    37 section .text
start ******** end ******** length     0 section .text *** removed ***
start 00008873 end 00008911 length   158 section .text
start 00008911 end 000089f9 length   232 section .text
start 000089f9 end 00008a29 length    48 section .text
start ******** end ******** length     0 section .text *** removed ***
start ******** end ******** length     0 section .text *** removed ***
start 00008a29 end 00008a8d length   100 section .text
start ******** end ******** length     0 section .text *** removed ***
start ******** end ******** length     0 section .text *** removed ***
start ******** end ******** length     0 section .text *** removed ***
start 00008a8d end 00008aee length    97 section .text
start ******** end ******** length     0 section .text *** removed ***
start ******** end ******** length     0 section .text *** removed ***
start 00008aee end 00008b6e length   128 section .text
start ******** end ******** length     0 section .text *** removed ***
start ******** end ******** length     0 section .text *** removed ***

Debug\stm8s_exti.o:
start 00004122 end 000045a9 length  1159 section .debug
start 00000461 end 00000503 length   162 section .info.
start ******** end ******** length     0 section .text *** removed ***
start ******** end ******** length     0 section .text *** removed ***
start ******** end ******** length     0 section .text *** removed ***
start ******** end ******** length     0 section .text *** removed ***
start ******** end ******** length     0 section .text *** removed ***
start ******** end ******** length     0 section .const *** removed ***

Debug\stm8s_flash.o:
start 000045a9 end 00005334 length  3467 section .debug
start 00000503 end 000005a6 length   163 section .info.
start ******** end ******** length     0 section .text *** removed ***
start ******** end ******** length     0 section .text *** removed ***
start ******** end ******** length     0 section .text *** removed ***
start ******** end ******** length     0 section .text *** removed ***
start ******** end ******** length     0 section .const *** removed ***
start ******** end ******** length     0 section .text *** removed ***
start ******** end ******** length     0 section .text *** removed ***
start ******** end ******** length     0 section .text *** removed ***
start ******** end ******** length     0 section .text *** removed ***
start ******** end ******** length     0 section .text *** removed ***
start ******** end ******** length     0 section .text *** removed ***
start ******** end ******** length     0 section .text *** removed ***
start ******** end ******** length     0 section .text *** removed ***
start ******** end ******** length     0 section .text *** removed ***
start ******** end ******** length     0 section .text *** removed ***
start ******** end ******** length     0 section .text *** removed ***
start ******** end ******** length     0 section .text *** removed ***
start ******** end ******** length     0 section .text *** removed ***
start ******** end ******** length     0 section .text *** removed ***
start ******** end ******** length     0 section .text *** removed ***
start ******** end ******** length     0 section .text *** removed ***

Debug\stm8s_gpio.o:
start 00005334 end 00005d3a length  2566 section .debug
start 000005a6 end 00000648 length   162 section .info.
start 00008b6e end 00008b76 length     8 section .text
start 00008b76 end 00008c15 length   159 section .text
start ******** end ******** length     0 section .text *** removed ***
start ******** end ******** length     0 section .text *** removed ***
start ******** end ******** length     0 section .text *** removed ***
start 00008c15 end 00008c1a length     5 section .text
start ******** end ******** length     0 section .text *** removed ***
start ******** end ******** length     0 section .text *** removed ***
start ******** end ******** length     0 section .text *** removed ***
start ******** end ******** length     0 section .text *** removed ***
start 0000818b end 000081a4 length    25 section .const

Debug\stm8s_i2c.o:
start 00005d3a end 00007297 length  5469 section .debug
start 00000648 end 000006e9 length   161 section .info.
start ******** end ******** length     0 section .text *** removed ***
start ******** end ******** length     0 section .const *** removed ***
start ******** end ******** length     0 section .text *** removed ***
start ******** end ******** length     0 section .text *** removed ***
start ******** end ******** length     0 section .text *** removed ***
start ******** end ******** length     0 section .text *** removed ***
start ******** end ******** length     0 section .text *** removed ***
start ******** end ******** length     0 section .text *** removed ***
start ******** end ******** length     0 section .text *** removed ***
start ******** end ******** length     0 section .text *** removed ***
start ******** end ******** length     0 section .text *** removed ***
start ******** end ******** length     0 section .text *** removed ***
start ******** end ******** length     0 section .text *** removed ***
start ******** end ******** length     0 section .text *** removed ***
start ******** end ******** length     0 section .text *** removed ***
start ******** end ******** length     0 section .text *** removed ***
start ******** end ******** length     0 section .text *** removed ***
start ******** end ******** length     0 section .text *** removed ***
start ******** end ******** length     0 section .text *** removed ***
start ******** end ******** length     0 section .text *** removed ***
start ******** end ******** length     0 section .text *** removed ***

Debug\stm8s_itc.o:
start 00007297 end 0000788a length  1523 section .debug
start 000006e9 end 0000078a length   161 section .info.
start ******** end ******** length     0 section .text *** removed ***
start ******** end ******** length     0 section .text *** removed ***
start ******** end ******** length     0 section .text *** removed ***
start ******** end ******** length     0 section .const *** removed ***
start ******** end ******** length     0 section .text *** removed ***
start ******** end ******** length     0 section .text *** removed ***

Debug\stm8s_iwdg.o:
start 0000788a end 00007c28 length   926 section .debug
start 0000078a end 0000082c length   162 section .info.
start ******** end ******** length     0 section .text *** removed ***
start ******** end ******** length     0 section .text *** removed ***
start ******** end ******** length     0 section .text *** removed ***
start ******** end ******** length     0 section .text *** removed ***
start ******** end ******** length     0 section .text *** removed ***
start ******** end ******** length     0 section .const *** removed ***

Debug\stm8s_rst.o:
start 00007c28 end 00007e57 length   559 section .debug
start 0000082c end 000008cd length   161 section .info.
start ******** end ******** length     0 section .text *** removed ***
start ******** end ******** length     0 section .text *** removed ***
start ******** end ******** length     0 section .const *** removed ***

Debug\stm8s_spi.o:
start 00007e57 end 00008d6f length  3864 section .debug
start 000008cd end 0000096e length   161 section .info.
start ******** end ******** length     0 section .text *** removed ***
start ******** end ******** length     0 section .text *** removed ***
start ******** end ******** length     0 section .text *** removed ***
start ******** end ******** length     0 section .text *** removed ***
start ******** end ******** length     0 section .text *** removed ***
start ******** end ******** length     0 section .text *** removed ***
start ******** end ******** length     0 section .text *** removed ***
start ******** end ******** length     0 section .text *** removed ***
start ******** end ******** length     0 section .text *** removed ***
start ******** end ******** length     0 section .text *** removed ***
start ******** end ******** length     0 section .text *** removed ***
start ******** end ******** length     0 section .text *** removed ***
start ******** end ******** length     0 section .text *** removed ***
start ******** end ******** length     0 section .text *** removed ***
start ******** end ******** length     0 section .text *** removed ***
start ******** end ******** length     0 section .text *** removed ***
start ******** end ******** length     0 section .text *** removed ***
start ******** end ******** length     0 section .const *** removed ***

Debug\stm8s_tim1.o:
start 00008d6f end 0000cc25 length 16054 section .debug
start 0000096e end 00000a10 length   162 section .info.
start 00008c1a end 00008cb3 length   153 section .text
start 00008cb3 end 00008cfb length    72 section .text
start ******** end ******** length     0 section .text *** removed ***
start ******** end ******** length     0 section .text *** removed ***
start ******** end ******** length     0 section .text *** removed ***
start ******** end ******** length     0 section .text *** removed ***
start ******** end ******** length     0 section .text *** removed ***
start 00008cfb end 00008dbc length   193 section .text
start ******** end ******** length     0 section .text *** removed ***
start 00008dbc end 00008de1 length    37 section .text
start ******** end ******** length     0 section .text *** removed ***
start 00008de1 end 00008e19 length    56 section .text
start ******** end ******** length     0 section .text *** removed ***
start ******** end ******** length     0 section .text *** removed ***
start ******** end ******** length     0 section .text *** removed ***
start ******** end ******** length     0 section .text *** removed ***
start ******** end ******** length     0 section .text *** removed ***
start ******** end ******** length     0 section .text *** removed ***
start ******** end ******** length     0 section .text *** removed ***
start ******** end ******** length     0 section .text *** removed ***
start ******** end ******** length     0 section .text *** removed ***
start ******** end ******** length     0 section .text *** removed ***
start ******** end ******** length     0 section .text *** removed ***
start ******** end ******** length     0 section .text *** removed ***
start ******** end ******** length     0 section .text *** removed ***
start ******** end ******** length     0 section .text *** removed ***
start ******** end ******** length     0 section .text *** removed ***
start ******** end ******** length     0 section .text *** removed ***
start ******** end ******** length     0 section .text *** removed ***
start ******** end ******** length     0 section .text *** removed ***
start ******** end ******** length     0 section .text *** removed ***
start ******** end ******** length     0 section .text *** removed ***
start ******** end ******** length     0 section .text *** removed ***
start ******** end ******** length     0 section .text *** removed ***
start ******** end ******** length     0 section .text *** removed ***
start ******** end ******** length     0 section .text *** removed ***
start ******** end ******** length     0 section .text *** removed ***
start ******** end ******** length     0 section .text *** removed ***
start ******** end ******** length     0 section .text *** removed ***
start ******** end ******** length     0 section .text *** removed ***
start ******** end ******** length     0 section .text *** removed ***
start ******** end ******** length     0 section .text *** removed ***
start ******** end ******** length     0 section .text *** removed ***
start ******** end ******** length     0 section .text *** removed ***
start ******** end ******** length     0 section .text *** removed ***
start ******** end ******** length     0 section .text *** removed ***
start ******** end ******** length     0 section .text *** removed ***
start ******** end ******** length     0 section .text *** removed ***
start ******** end ******** length     0 section .text *** removed ***
start ******** end ******** length     0 section .text *** removed ***
start ******** end ******** length     0 section .text *** removed ***
start ******** end ******** length     0 section .text *** removed ***
start ******** end ******** length     0 section .text *** removed ***
start ******** end ******** length     0 section .text *** removed ***
start ******** end ******** length     0 section .text *** removed ***
start ******** end ******** length     0 section .text *** removed ***
start ******** end ******** length     0 section .text *** removed ***
start ******** end ******** length     0 section .text *** removed ***
start ******** end ******** length     0 section .text *** removed ***
start ******** end ******** length     0 section .text *** removed ***
start 00008e19 end 00008e43 length    42 section .text
start 00008e43 end 00008e6d length    42 section .text
start 00008e6d end 00008e97 length    42 section .text
start 00008e97 end 00008ec1 length    42 section .text
start ******** end ******** length     0 section .text *** removed ***
start ******** end ******** length     0 section .text *** removed ***
start ******** end ******** length     0 section .text *** removed ***
start ******** end ******** length     0 section .text *** removed ***
start ******** end ******** length     0 section .text *** removed ***
start ******** end ******** length     0 section .text *** removed ***
start ******** end ******** length     0 section .text *** removed ***
start 00008ec1 end 00008eee length    45 section .text
start ******** end ******** length     0 section .text *** removed ***
start 00008eee end 00008f08 length    26 section .text
start 00008f08 end 00008f38 length    48 section .text
start 00008f38 end 00008f68 length    48 section .text
start 00008f68 end 00008f98 length    48 section .text
start 00008f98 end 00008fc8 length    48 section .text
start 000081a4 end 000081bd length    25 section .const

Debug\stm8s_tim2.o:
start 0000cc25 end 0000eea9 length  8836 section .debug
start 00000a10 end 00000ab2 length   162 section .info.
start 00008fc8 end 00009021 length    89 section .text
start 00009021 end 0000902f length    14 section .text
start ******** end ******** length     0 section .text *** removed ***
start ******** end ******** length     0 section .text *** removed ***
start ******** end ******** length     0 section .text *** removed ***
start ******** end ******** length     0 section .text *** removed ***
start ******** end ******** length     0 section .text *** removed ***
start 0000902f end 00009054 length    37 section .text
start 00009054 end 00009091 length    61 section .text
start ******** end ******** length     0 section .text *** removed ***
start ******** end ******** length     0 section .text *** removed ***
start ******** end ******** length     0 section .text *** removed ***
start ******** end ******** length     0 section .text *** removed ***
start ******** end ******** length     0 section .text *** removed ***
start ******** end ******** length     0 section .text *** removed ***
start ******** end ******** length     0 section .text *** removed ***
start ******** end ******** length     0 section .text *** removed ***
start ******** end ******** length     0 section .text *** removed ***
start ******** end ******** length     0 section .text *** removed ***
start ******** end ******** length     0 section .text *** removed ***
start ******** end ******** length     0 section .text *** removed ***
start ******** end ******** length     0 section .text *** removed ***
start ******** end ******** length     0 section .text *** removed ***
start ******** end ******** length     0 section .text *** removed ***
start ******** end ******** length     0 section .text *** removed ***
start ******** end ******** length     0 section .text *** removed ***
start ******** end ******** length     0 section .text *** removed ***
start ******** end ******** length     0 section .text *** removed ***
start ******** end ******** length     0 section .text *** removed ***
start ******** end ******** length     0 section .text *** removed ***
start ******** end ******** length     0 section .text *** removed ***
start ******** end ******** length     0 section .text *** removed ***
start ******** end ******** length     0 section .text *** removed ***
start ******** end ******** length     0 section .text *** removed ***
start ******** end ******** length     0 section .text *** removed ***
start ******** end ******** length     0 section .text *** removed ***
start ******** end ******** length     0 section .text *** removed ***
start ******** end ******** length     0 section .text *** removed ***
start ******** end ******** length     0 section .text *** removed ***
start ******** end ******** length     0 section .text *** removed ***
start 00009091 end 000090ba length    41 section .text
start ******** end ******** length     0 section .text *** removed ***
start 000090ba end 000090d8 length    30 section .text
start ******** end ******** length     0 section .text *** removed ***
start ******** end ******** length     0 section .text *** removed ***
start ******** end ******** length     0 section .text *** removed ***
start 000081bd end 000081d6 length    25 section .const

Debug\stm8s_tim4.o:
start 0000eea9 end 0000fa4c length  2979 section .debug
start 00000ab2 end 00000b54 length   162 section .info.
start ******** end ******** length     0 section .text *** removed ***
start ******** end ******** length     0 section .text *** removed ***
start ******** end ******** length     0 section .text *** removed ***
start ******** end ******** length     0 section .text *** removed ***
start ******** end ******** length     0 section .text *** removed ***
start ******** end ******** length     0 section .text *** removed ***
start ******** end ******** length     0 section .text *** removed ***
start ******** end ******** length     0 section .text *** removed ***
start ******** end ******** length     0 section .text *** removed ***
start ******** end ******** length     0 section .text *** removed ***
start ******** end ******** length     0 section .text *** removed ***
start ******** end ******** length     0 section .text *** removed ***
start ******** end ******** length     0 section .text *** removed ***
start ******** end ******** length     0 section .text *** removed ***
start ******** end ******** length     0 section .text *** removed ***
start ******** end ******** length     0 section .text *** removed ***
start ******** end ******** length     0 section .text *** removed ***
start ******** end ******** length     0 section .text *** removed ***
start ******** end ******** length     0 section .const *** removed ***

Debug\stm8s_uart1.o:
start 0000fa4c end 00010dfc length  5040 section .debug
start 00000b54 end 00000bf7 length   163 section .info.
start 000090d8 end 00009103 length    43 section .text
start 000081d6 end 000081f8 length    34 section .const
start 00009103 end 000092cf length   460 section .text
start 000092cf end 000092dc length    13 section .text
start ******** end ******** length     0 section .text *** removed ***
start ******** end ******** length     0 section .text *** removed ***
start ******** end ******** length     0 section .text *** removed ***
start ******** end ******** length     0 section .text *** removed ***
start ******** end ******** length     0 section .text *** removed ***
start ******** end ******** length     0 section .text *** removed ***
start ******** end ******** length     0 section .text *** removed ***
start ******** end ******** length     0 section .text *** removed ***
start ******** end ******** length     0 section .text *** removed ***
start ******** end ******** length     0 section .text *** removed ***
start ******** end ******** length     0 section .text *** removed ***
start ******** end ******** length     0 section .text *** removed ***
start 000092dc end 000092e0 length     4 section .text
start ******** end ******** length     0 section .text *** removed ***
start ******** end ******** length     0 section .text *** removed ***
start ******** end ******** length     0 section .text *** removed ***
start ******** end ******** length     0 section .text *** removed ***
start ******** end ******** length     0 section .text *** removed ***
start 000092e0 end 00009349 length   105 section .text
start ******** end ******** length     0 section .text *** removed ***
start ******** end ******** length     0 section .text *** removed ***
start ******** end ******** length     0 section .text *** removed ***

Debug\stm8s_wwdg.o:
start 00010dfc end 00011032 length   566 section .debug
start 00000bf7 end 00000c99 length   162 section .info.
start ******** end ******** length     0 section .text *** removed ***
start ******** end ******** length     0 section .text *** removed ***
start ******** end ******** length     0 section .text *** removed ***
start ******** end ******** length     0 section .text *** removed ***
start ******** end ******** length     0 section .text *** removed ***
start ******** end ******** length     0 section .const *** removed ***

(C:\Program Files (x86)\COSMIC\FSE_Compilers\CXSTM8\Lib\libisl0.sm8)memset0.o:
start 00009349 end 00009358 length    15 section .text
start 00000c99 end 00000cc8 length    47 section .info.

(C:\Program Files (x86)\COSMIC\FSE_Compilers\CXSTM8\Lib\libisl0.sm8)printf.o:
start 00009358 end 00009368 length    16 section .text
start 00000cc8 end 00000d3c length   116 section .info.

(C:\Program Files (x86)\COSMIC\FSE_Compilers\CXSTM8\Lib\libisl0.sm8)cprint.o:
start 00009368 end 00009894 length  1324 section .text
start 00000d3c end 00000db0 length   116 section .info.
start 000081f8 end 00008231 length    57 section .const

(C:\Program Files (x86)\COSMIC\FSE_Compilers\CXSTM8\Lib\libisl0.sm8)itob.o:
start 00009894 end 000099a4 length   272 section .text
start 00000db0 end 00000e22 length   114 section .info.
start 00008231 end 00008256 length    37 section .const

(C:\Program Files (x86)\COSMIC\FSE_Compilers\CXSTM8\Lib\libisl0.sm8)idiv0.o:
start 000099a4 end 000099af length    11 section .text
start 00000e22 end 00000e4f length    45 section .info.

(C:\Program Files (x86)\COSMIC\FSE_Compilers\CXSTM8\Lib\libisl0.sm8)ildiv0.o:
start 000099af end 000099ca length    27 section .text
start 00000e4f end 00000e7d length    46 section .info.

(C:\Program Files (x86)\COSMIC\FSE_Compilers\CXSTM8\Lib\libisl0.sm8)strlen0.o:
start 000099ca end 000099d6 length    12 section .text
start 00000e7d end 00000eac length    47 section .info.

(C:\Program Files (x86)\COSMIC\FSE_Compilers\CXSTM8\Lib\libisl0.sm8)toup0.o:
start 000099d6 end 000099e1 length    11 section .text
start 00000eac end 00000ed9 length    45 section .info.

(C:\Program Files (x86)\COSMIC\FSE_Compilers\CXSTM8\Lib\libm0.sm8)cmulx.o:
start ******** end ******** length     0 section .text *** removed ***
start 00000ed9 end 00000f09 length    48 section .info.

(C:\Program Files (x86)\COSMIC\FSE_Compilers\CXSTM8\Lib\libm0.sm8)ldiv.o:
start 000099e1 end 00009acc length   235 section .text
start 00000f09 end 00000f38 length    47 section .info.

(C:\Program Files (x86)\COSMIC\FSE_Compilers\CXSTM8\Lib\libm0.sm8)imul.o:
start 00009acc end 00009aed length    33 section .text
start 00000f38 end 00000f67 length    47 section .info.

(C:\Program Files (x86)\COSMIC\FSE_Compilers\CXSTM8\Lib\libm0.sm8)ladd.o:
start ******** end ******** length     0 section .text *** removed ***
start 00000f67 end 00000f96 length    47 section .info.

(C:\Program Files (x86)\COSMIC\FSE_Compilers\CXSTM8\Lib\libm0.sm8)lcmp.o:
start 00009aed end 00009b0d length    32 section .text
start 00000f96 end 00000fc5 length    47 section .info.

(C:\Program Files (x86)\COSMIC\FSE_Compilers\CXSTM8\Lib\libm0.sm8)lsdiv.o:
start 00009b0d end 00009b2c length    31 section .text
start 00000fc5 end 00000ff5 length    48 section .info.

(C:\Program Files (x86)\COSMIC\FSE_Compilers\CXSTM8\Lib\libm0.sm8)lgadd.o:
start ******** end ******** length     0 section .text *** removed ***
start 00000ff5 end 00001025 length    48 section .info.

(C:\Program Files (x86)\COSMIC\FSE_Compilers\CXSTM8\Lib\libm0.sm8)lgneg.o:
start 00009b2c end 00009b3f length    19 section .text
start 00001025 end 00001055 length    48 section .info.

(C:\Program Files (x86)\COSMIC\FSE_Compilers\CXSTM8\Lib\libm0.sm8)llsh.o:
start 00009b3f end 00009b4e length    15 section .text
start 00001055 end 00001084 length    47 section .info.

(C:\Program Files (x86)\COSMIC\FSE_Compilers\CXSTM8\Lib\libm0.sm8)lmul.o:
start ******** end ******** length     0 section .text *** removed ***
start 00001084 end 000010b3 length    47 section .info.

(C:\Program Files (x86)\COSMIC\FSE_Compilers\CXSTM8\Lib\libm0.sm8)lneg.o:
start 00009b4e end 00009b63 length    21 section .text
start 000010b3 end 000010e2 length    47 section .info.

(C:\Program Files (x86)\COSMIC\FSE_Compilers\CXSTM8\Lib\libm0.sm8)lreg.o:
start 00000000 end 00000004 length     4 section .ubsct
start 000010e2 end 00001111 length    47 section .info.

(C:\Program Files (x86)\COSMIC\FSE_Compilers\CXSTM8\Lib\libm0.sm8)lsub.o:
start 00009b63 end 00009b7b length    24 section .text
start 00001111 end 00001140 length    47 section .info.

(C:\Program Files (x86)\COSMIC\FSE_Compilers\CXSTM8\Lib\libm0.sm8)ltor.o:
start 00009b7b end 00009b8d length    18 section .text
start 00001140 end 0000116f length    47 section .info.

(C:\Program Files (x86)\COSMIC\FSE_Compilers\CXSTM8\Lib\libm0.sm8)ludiv.o:
start 00009b8d end 00009ba1 length    20 section .text
start 0000116f end 0000119f length    48 section .info.

(C:\Program Files (x86)\COSMIC\FSE_Compilers\CXSTM8\Lib\libm0.sm8)lursh.o:
start 00009ba1 end 00009bb0 length    15 section .text
start 0000119f end 000011cf length    48 section .info.

(C:\Program Files (x86)\COSMIC\FSE_Compilers\CXSTM8\Lib\libm0.sm8)lzmp.o:
start 00009bb0 end 00009bc3 length    19 section .text
start 000011cf end 000011fe length    47 section .info.

(C:\Program Files (x86)\COSMIC\FSE_Compilers\CXSTM8\Lib\libm0.sm8)rtol.o:
start 00009bc3 end 00009bd5 length    18 section .text
start 000011fe end 0000122d length    47 section .info.

(C:\Program Files (x86)\COSMIC\FSE_Compilers\CXSTM8\Lib\libm0.sm8)sdivx.o:
start ******** end ******** length     0 section .text *** removed ***
start 0000122d end 0000125d length    48 section .info.

(C:\Program Files (x86)\COSMIC\FSE_Compilers\CXSTM8\Lib\libm0.sm8)smul.o:
start 00009bd5 end 00009c14 length    63 section .text
start 0000125d end 0000128c length    47 section .info.

(C:\Program Files (x86)\COSMIC\FSE_Compilers\CXSTM8\Lib\libm0.sm8)utolx.o:
start 00009c14 end 00009c1b length     7 section .text
start 0000128c end 000012bc length    48 section .info.

(C:\Program Files (x86)\COSMIC\FSE_Compilers\CXSTM8\Lib\libm0.sm8)umul.o:
start ******** end ******** length     0 section .text *** removed ***
start 000012bc end 000012eb length    47 section .info.

(C:\Program Files (x86)\COSMIC\FSE_Compilers\CXSTM8\Lib\libm0.sm8)xreg.o:
start 00000004 end 00000007 length     3 section .ubsct
start 000012eb end 0000131a length    47 section .info.

(C:\Program Files (x86)\COSMIC\FSE_Compilers\CXSTM8\Lib\libm0.sm8)yreg.o:
start 00000007 end 0000000a length     3 section .ubsct
start 0000131a end 00001349 length    47 section .info.

Debug\stm8_interrupt_vector.o:
start 00011032 end 00011158 length   294 section .debug
start 00001349 end 000013f6 length   173 section .info.
start 00008000 end 00008080 length   128 section .const


                             -----------
                             Stack usage
                             -----------

Debug\i2c_master_poll.o:
_ErrProc                                2   (2)
_I2C_Master_Init                        2   (2)
_I2C_ReadRegister                       6   (6)
_TIM4_Init                              2   (2)

Debug\main.o:
L11_TIM1_Config                        18   (2)
L31_TIM2_Config                        12   (2)
L3_CLK_Config                          18   (2)
L5_UART1_Config                        50   (2)
L7_GPIO_Config                         14   (2)
_assert_failed                          6   (6)
_main                              >   88   (2)
_putchar                               14   (3)

Debug\stm8s_clk.o:
_CLK_ClockSwitchCmd                     9   (3)
_CLK_ClockSwitchConfig                 16   (10)
_CLK_DeInit                             2   (2)
_CLK_GetClockFreq                      25   (11)
_CLK_GetFlagStatus                     13   (7)
_CLK_HSECmd                             9   (3)
_CLK_HSICmd                             9   (3)
_CLK_HSIPrescalerConfig                 9   (3)
_CLK_LSICmd                             9   (3)
_CLK_PeripheralClockConfig             10   (4)
_CLK_SYSCLKConfig                       9   (3)

Debug\stm8s_gpio.o:
_GPIO_DeInit                            2   (2)
_GPIO_Init                             12   (6)
_GPIO_WriteReverse                      5   (5)

Debug\stm8s_it.o:
f_ADC1_IRQHandler                  >    6   (6)
f_AWU_IRQHandler                   >    6   (6)
f_CLK_IRQHandler                   >    6   (6)
f_EEPROM_EEC_IRQHandler            >    6   (6)
f_EXTI_PORTA_IRQHandler            >    6   (6)
f_EXTI_PORTB_IRQHandler            >    6   (6)
f_EXTI_PORTC_IRQHandler            >    6   (6)
f_EXTI_PORTD_IRQHandler            >    6   (6)
f_EXTI_PORTE_IRQHandler            >    6   (6)
f_I2C_IRQHandler                   >   14   (12)
f_NonHandledInterrupt              >    6   (6)
f_SPI_IRQHandler                   >    6   (6)
f_TIM1_CAP_COM_IRQHandler          >   22   (12)
f_TIM1_UPD_OVF_TRG_BRK_IRQHandler  >    6   (6)
f_TIM2_CAP_COM_IRQHandler          >    6   (6)
f_TIM2_UPD_OVF_BRK_IRQHandler      >   34   (20)
f_TIM4_UPD_OVF_IRQHandler          >    7   (7)
f_TLI_IRQHandler                   >    6   (6)
f_TRAP_IRQHandler                  >    6   (6)
f_UART1_RX_IRQHandler              >    6   (6)
f_UART1_TX_IRQHandler              >    6   (6)

Debug\stm8s_tim1.o:
L11_TI4_Config                          6   (6)
L3_TI1_Config                           6   (6)
L5_TI2_Config                           6   (6)
L7_TI3_Config                           6   (6)
_TIM1_ClearFlag                        10   (4)
_TIM1_ClearITPendingBit                 9   (3)
_TIM1_Cmd                               9   (3)
_TIM1_DeInit                            2   (2)
_TIM1_ICInit                           16   (7)
_TIM1_ITConfig                         10   (4)
_TIM1_SetIC1Prescaler                   9   (3)
_TIM1_SetIC2Prescaler                   9   (3)
_TIM1_SetIC3Prescaler                   9   (3)
_TIM1_SetIC4Prescaler                   9   (3)
_TIM1_TimeBaseInit                     14   (8)

Debug\stm8s_tim2.o:
_TIM2_ClearFlag                        10   (4)
_TIM2_ClearITPendingBit                 9   (3)
_TIM2_Cmd                               9   (3)
_TIM2_DeInit                            2   (2)
_TIM2_ITConfig                         10   (4)
_TIM2_TimeBaseInit                      5   (5)

Debug\stm8s_uart1.o:
_UART1_Cmd                              2   (2)
_UART1_DeInit                           2   (2)
_UART1_GetFlagStatus                   11   (5)
_UART1_Init                            48   (23)
_UART1_SendData8                        2   (2)

C:\Program Files (x86:
L11__cvtup                              8   (6)
L31__putbuf                            23   (9)
L7__gnum                               19   (16)
__print                                74   (51)
__udiv                                  4   (4)
__uldiv                                 6   (6)
__itob                                 19   (15)
__ltob                                 23   (17)
_memset                                 7   (7)
_printf                                86   (12)
_strlen                                 2   (2)
_toupper                                2   (2)

Stack size: 122


                              ---------
                              Call tree
                              ---------
   1 > __stext: (0)

   2 > _main: (2)
   3      + L11_TIM1_Config: (2)
   4      |    + _TIM1_Cmd: (3)
   5      |    |    + _assert_failed: (6)
          |    | 
   6      |    + _TIM1_DeInit: (2)
   7      |    + _TIM1_ICInit: (7)
   8      |    |    + L11_TI4_Config: (6)
   9      |    |    + L3_TI1_Config: (6)
  10      |    |    + L5_TI2_Config: (6)
  11      |    |    + L7_TI3_Config: (6)
  12      |    |    + _TIM1_SetIC1Prescaler: (3)
  13      |    |    |    + _assert_failed --> 5
          |    |    | 
  14      |    |    + _TIM1_SetIC2Prescaler: (3)
  15      |    |    |    + _assert_failed --> 5
          |    |    | 
  16      |    |    + _TIM1_SetIC3Prescaler: (3)
  17      |    |    |    + _assert_failed --> 5
          |    |    | 
  18      |    |    + _TIM1_SetIC4Prescaler: (3)
  19      |    |    |    + _assert_failed --> 5
          |    |    | 
  20      |    |    + _assert_failed --> 5
          |    | 
  21      |    + _TIM1_ITConfig: (4)
  22      |    |    + _assert_failed --> 5
          |    | 
  23      |    + _TIM1_TimeBaseInit: (8)
  24      |    |    + _assert_failed --> 5
          |    | 
          | 
  25      + L31_TIM2_Config: (2)
  26      |    + _TIM2_Cmd: (3)
  27      |    |    + _assert_failed --> 5
          |    | 
  28      |    + _TIM2_DeInit: (2)
  29      |    + _TIM2_ITConfig: (4)
  30      |    |    + _assert_failed --> 5
          |    | 
  31      |    + _TIM2_TimeBaseInit: (5)
          | 
  32      + L3_CLK_Config: (2)
  33      |    + _CLK_ClockSwitchCmd: (3)
  34      |    |    + _assert_failed --> 5
          |    | 
  35      |    + _CLK_ClockSwitchConfig: (10)
  36      |    |    + _assert_failed --> 5
          |    | 
  37      |    + _CLK_DeInit: (2)
  38      |    + _CLK_GetFlagStatus: (7)
  39      |    |    + _assert_failed --> 5
          |    | 
  40      |    + _CLK_HSECmd: (3)
  41      |    |    + _assert_failed --> 5
          |    | 
  42      |    + _CLK_HSICmd: (3)
  43      |    |    + _assert_failed --> 5
          |    | 
  44      |    + _CLK_HSIPrescalerConfig: (3)
  45      |    |    + _assert_failed --> 5
          |    | 
  46      |    + _CLK_LSICmd: (3)
  47      |    |    + _assert_failed --> 5
          |    | 
  48      |    + _CLK_PeripheralClockConfig: (4)
  49      |    |    + _assert_failed --> 5
          |    | 
  50      |    + _CLK_SYSCLKConfig: (3)
  51      |    |    + _assert_failed --> 5
          |    | 
          | 
  52      + L5_UART1_Config: (2)
  53      |    + _UART1_Cmd: (2)
  54      |    + _UART1_DeInit: (2)
  55      |    + _UART1_Init: (23)
  56      |    |    + _CLK_GetClockFreq: (11)
  57      |    |    + _assert_failed --> 5
          |    | 
          | 
  58      + L7_GPIO_Config: (2)
  59      |    + _GPIO_DeInit: (2)
  60      |    + _GPIO_Init: (6)
  61      |    |    + _assert_failed --> 5
          |    | 
          | 
  62      + _GPIO_WriteReverse: (5)
  63      + _I2C_Master_Init: (2)
  64      + _I2C_ReadRegister: (6)
  65      + _TIM4_Init: (2)
  66      + _memset: (7)
  67      + _printf: (12)
  68      |    + __print: (51)
  69      |    |    + L11__cvtup: (6)
  70      |    |    |    + _toupper: (2)
          |    |    | 
  71      |    |    + L31__putbuf: (9)
  72      |    |    |    + _putchar: (3)
  73      |    |    |    |    + _UART1_GetFlagStatus: (5)
  74      |    |    |    |    |    + _assert_failed --> 5
          |    |    |    |    | 
  75      |    |    |    |    + _UART1_SendData8: (2)
          |    |    |    | 
          |    |    | 
  76      |    |    + L7__gnum: (16)
  77      |    |    + __itob: (15)
  78      |    |    |    + __udiv: (4)
          |    |    | 
  79      |    |    + __ltob: (17)
  80      |    |    |    + __uldiv: (6)
          |    |    | 
  81      |    |    + _strlen: (2)
          |    | 
          | 
       
  82 > f_ADC1_IRQHandler: (6)

  83 > f_AWU_IRQHandler: (6)

  84 > f_CLK_IRQHandler: (6)

  85 > f_EEPROM_EEC_IRQHandler: (6)

  86 > f_EXTI_PORTA_IRQHandler: (6)

  87 > f_EXTI_PORTB_IRQHandler: (6)

  88 > f_EXTI_PORTC_IRQHandler: (6)

  89 > f_EXTI_PORTD_IRQHandler: (6)

  90 > f_EXTI_PORTE_IRQHandler: (6)

  91 > f_I2C_IRQHandler: (12)
  92      + _ErrProc: (2)
       
  93 > f_NonHandledInterrupt: (6)

  94 > f_SPI_IRQHandler: (6)

  95 > f_TIM1_CAP_COM_IRQHandler: (12)
  96      + _TIM1_ClearFlag: (4)
  97      |    + _assert_failed --> 5
          | 
  98      + _TIM1_ClearITPendingBit: (3)
  99      |    + _assert_failed --> 5
          | 
       
 100 > f_TIM1_UPD_OVF_TRG_BRK_IRQHandler: (6)

 101 > f_TIM2_CAP_COM_IRQHandler: (6)

 102 > f_TIM2_UPD_OVF_BRK_IRQHandler: (20)
 103      + _TIM2_ClearFlag: (4)
 104      |    + _assert_failed --> 5
          | 
 105      + _TIM2_ClearITPendingBit: (3)
 106      |    + _assert_failed --> 5
          | 
       
 107 > f_TIM4_UPD_OVF_IRQHandler: (7)

 108 > f_TLI_IRQHandler: (6)

 109 > f_TRAP_IRQHandler: (6)

 110 > f_UART1_RX_IRQHandler: (6)

 111 > f_UART1_TX_IRQHandler: (6)

 112   L11_TI4_Config --> 8

 113   L11_TIM1_Config --> 3

 114   L11__cvtup --> 69

 115   L31_TIM2_Config --> 25

 116   L31__putbuf --> 71

 117   L3_CLK_Config --> 32

 118   L3_TI1_Config --> 9

 119   L5_TI2_Config --> 10

 120   L5_UART1_Config --> 52

 121   L7_GPIO_Config --> 58

 122   L7_TI3_Config --> 11

 123   L7__gnum --> 76

 124   _CLK_ClockSwitchCmd --> 33

 125   _CLK_ClockSwitchConfig --> 35

 126   _CLK_DeInit --> 37

 127   _CLK_GetClockFreq --> 56

 128   _CLK_GetFlagStatus --> 38

 129   _CLK_HSECmd --> 40

 130   _CLK_HSICmd --> 42

 131   _CLK_HSIPrescalerConfig --> 44

 132   _CLK_LSICmd --> 46

 133   _CLK_PeripheralClockConfig --> 48

 134   _CLK_SYSCLKConfig --> 50

 135   _ErrProc --> 92

 136   _GPIO_DeInit --> 59

 137   _GPIO_Init --> 60

 138   _GPIO_WriteReverse --> 62

 139   _I2C_Master_Init --> 63

 140   _I2C_ReadRegister --> 64

 141   _TIM1_ClearFlag --> 96

 142   _TIM1_ClearITPendingBit --> 98

 143   _TIM1_Cmd --> 4

 144   _TIM1_DeInit --> 6

 145   _TIM1_ICInit --> 7

 146   _TIM1_ITConfig --> 21

 147   _TIM1_SetIC1Prescaler --> 12

 148   _TIM1_SetIC2Prescaler --> 14

 149   _TIM1_SetIC3Prescaler --> 16

 150   _TIM1_SetIC4Prescaler --> 18

 151   _TIM1_TimeBaseInit --> 23

 152   _TIM2_ClearFlag --> 103

 153   _TIM2_ClearITPendingBit --> 105

 154   _TIM2_Cmd --> 26

 155   _TIM2_DeInit --> 28

 156   _TIM2_ITConfig --> 29

 157   _TIM2_TimeBaseInit --> 31

 158   _TIM4_Init --> 65

 159   _UART1_Cmd --> 53

 160   _UART1_DeInit --> 54

 161   _UART1_GetFlagStatus --> 73

 162   _UART1_Init --> 55

 163   _UART1_SendData8 --> 75

 164   __itob --> 77

 165   __ltob --> 79

 166   __print --> 68

 167   __udiv --> 78

 168   __uldiv --> 80

 169   _assert_failed --> 5

 170   _memset --> 66

 171   _printf --> 67

 172   _putchar --> 72

 173   _strlen --> 81

 174   _toupper --> 70



                               -------
                               Symbols
                               -------

_ADC1_AWDChannelConfig              ********   *** removed from Debug\stm8s_adc1.o ***
_ADC1_ClearFlag                     ********   *** removed from Debug\stm8s_adc1.o ***
_ADC1_ClearITPendingBit             ********   *** removed from Debug\stm8s_adc1.o ***
_ADC1_Cmd                           ********   *** removed from Debug\stm8s_adc1.o ***
_ADC1_ConversionConfig              ********   *** removed from Debug\stm8s_adc1.o ***
_ADC1_DataBufferCmd                 ********   *** removed from Debug\stm8s_adc1.o ***
_ADC1_DeInit                        ********   *** removed from Debug\stm8s_adc1.o ***
_ADC1_ExternalTriggerConfig         ********   *** removed from Debug\stm8s_adc1.o ***
_ADC1_GetAWDChannelStatus           ********   *** removed from Debug\stm8s_adc1.o ***
_ADC1_GetBufferValue                ********   *** removed from Debug\stm8s_adc1.o ***
_ADC1_GetConversionValue            ********   *** removed from Debug\stm8s_adc1.o ***
_ADC1_GetFlagStatus                 ********   *** removed from Debug\stm8s_adc1.o ***
_ADC1_GetITStatus                   ********   *** removed from Debug\stm8s_adc1.o ***
_ADC1_ITConfig                      ********   *** removed from Debug\stm8s_adc1.o ***
_ADC1_Init                          ********   *** removed from Debug\stm8s_adc1.o ***
_ADC1_PrescalerConfig               ********   *** removed from Debug\stm8s_adc1.o ***
_ADC1_ScanModeCmd                   ********   *** removed from Debug\stm8s_adc1.o ***
_ADC1_SchmittTriggerConfig          ********   *** removed from Debug\stm8s_adc1.o ***
_ADC1_SetHighThreshold              ********   *** removed from Debug\stm8s_adc1.o ***
_ADC1_SetLowThreshold               ********   *** removed from Debug\stm8s_adc1.o ***
_ADC1_StartConversion               ********   *** removed from Debug\stm8s_adc1.o ***
_APR_Array                          ********   *** removed from Debug\stm8s_awu.o ***
_AWU_Cmd                            ********   *** removed from Debug\stm8s_awu.o ***
_AWU_DeInit                         ********   *** removed from Debug\stm8s_awu.o ***
_AWU_GetFlagStatus                  ********   *** removed from Debug\stm8s_awu.o ***
_AWU_IdleModeEnable                 ********   *** removed from Debug\stm8s_awu.o ***
_AWU_Init                           ********   *** removed from Debug\stm8s_awu.o ***
_AWU_LSICalibrationConfig           ********   *** removed from Debug\stm8s_awu.o ***
_BEEP_Cmd                           ********   *** removed from Debug\stm8s_beep.o ***
_BEEP_DeInit                        ********   *** removed from Debug\stm8s_beep.o ***
_BEEP_Init                          ********   *** removed from Debug\stm8s_beep.o ***
_BEEP_LSICalibrationConfig          ********   *** removed from Debug\stm8s_beep.o ***
_CLKPrescTable                      0000816b   defined in Debug\stm8s_clk.o section .const
_CLK_AdjustHSICalibrationValue      ********   *** removed from Debug\stm8s_clk.o ***
_CLK_CCOCmd                         ********   *** removed from Debug\stm8s_clk.o ***
_CLK_CCOConfig                      ********   *** removed from Debug\stm8s_clk.o ***
_CLK_ClearITPendingBit              ********   *** removed from Debug\stm8s_clk.o ***
_CLK_ClockSecuritySystemEnable      ********   *** removed from Debug\stm8s_clk.o ***
_CLK_ClockSwitchCmd                 0000884e   defined in Debug\stm8s_clk.o section .text
                                               used in Debug\main.o
_CLK_ClockSwitchConfig              00008911   defined in Debug\stm8s_clk.o section .text
                                               used in Debug\main.o
_CLK_DeInit                         000087a9   defined in Debug\stm8s_clk.o section .text
                                               used in Debug\main.o
_CLK_FastHaltWakeUpCmd              ********   *** removed from Debug\stm8s_clk.o ***
_CLK_GetClockFreq                   00008a8d   defined in Debug\stm8s_clk.o section .text
                                               used in Debug\stm8s_uart1.o
_CLK_GetFlagStatus                  00008aee   defined in Debug\stm8s_clk.o section .text
                                               used in Debug\main.o
_CLK_GetITStatus                    ********   *** removed from Debug\stm8s_clk.o ***
_CLK_GetSYSCLKSource                ********   *** removed from Debug\stm8s_clk.o ***
_CLK_HSECmd                         000087df   defined in Debug\stm8s_clk.o section .text
                                               used in Debug\main.o
_CLK_HSICmd                         00008804   defined in Debug\stm8s_clk.o section .text
                                               used in Debug\main.o
_CLK_HSIPrescalerConfig             000089f9   defined in Debug\stm8s_clk.o section .text
                                               used in Debug\main.o
_CLK_ITConfig                       ********   *** removed from Debug\stm8s_clk.o ***
_CLK_LSICmd                         00008829   defined in Debug\stm8s_clk.o section .text
                                               used in Debug\main.o
_CLK_PeripheralClockConfig          00008873   defined in Debug\stm8s_clk.o section .text
                                               used in Debug\main.o
_CLK_SWIMConfig                     ********   *** removed from Debug\stm8s_clk.o ***
_CLK_SYSCLKConfig                   00008a29   defined in Debug\stm8s_clk.o section .text
                                               used in Debug\main.o
_CLK_SYSCLKEmergencyClear           ********   *** removed from Debug\stm8s_clk.o ***
_CLK_SlowActiveHaltWakeUpCmd        ********   *** removed from Debug\stm8s_clk.o ***
_EXTI_DeInit                        ********   *** removed from Debug\stm8s_exti.o ***
_EXTI_GetExtIntSensitivity          ********   *** removed from Debug\stm8s_exti.o ***
_EXTI_GetTLISensitivity             ********   *** removed from Debug\stm8s_exti.o ***
_EXTI_SetExtIntSensitivity          ********   *** removed from Debug\stm8s_exti.o ***
_EXTI_SetTLISensitivity             ********   *** removed from Debug\stm8s_exti.o ***
_ErrProc                            00008465   defined in Debug\i2c_master_poll.o section .text
                                               used in Debug\stm8s_it.o
_FLASH_DeInit                       ********   *** removed from Debug\stm8s_flash.o ***
_FLASH_EraseBlock                   ********   *** removed from Debug\stm8s_flash.o ***
_FLASH_EraseByte                    ********   *** removed from Debug\stm8s_flash.o ***
_FLASH_EraseOptionByte              ********   *** removed from Debug\stm8s_flash.o ***
_FLASH_GetBootSize                  ********   *** removed from Debug\stm8s_flash.o ***
_FLASH_GetFlagStatus                ********   *** removed from Debug\stm8s_flash.o ***
_FLASH_GetLowPowerMode              ********   *** removed from Debug\stm8s_flash.o ***
_FLASH_GetProgrammingTime           ********   *** removed from Debug\stm8s_flash.o ***
_FLASH_ITConfig                     ********   *** removed from Debug\stm8s_flash.o ***
_FLASH_Lock                         ********   *** removed from Debug\stm8s_flash.o ***
_FLASH_ProgramBlock                 ********   *** removed from Debug\stm8s_flash.o ***
_FLASH_ProgramByte                  ********   *** removed from Debug\stm8s_flash.o ***
_FLASH_ProgramOptionByte            ********   *** removed from Debug\stm8s_flash.o ***
_FLASH_ProgramWord                  ********   *** removed from Debug\stm8s_flash.o ***
_FLASH_ReadByte                     ********   *** removed from Debug\stm8s_flash.o ***
_FLASH_ReadOptionByte               ********   *** removed from Debug\stm8s_flash.o ***
_FLASH_SetLowPowerMode              ********   *** removed from Debug\stm8s_flash.o ***
_FLASH_SetProgrammingTime           ********   *** removed from Debug\stm8s_flash.o ***
_FLASH_Unlock                       ********   *** removed from Debug\stm8s_flash.o ***
_FLASH_WaitForLastOperation         ********   *** removed from Debug\stm8s_flash.o ***
_GPIO_DeInit                        00008b6e   defined in Debug\stm8s_gpio.o section .text
                                               used in Debug\main.o
_GPIO_ExternalPullUpConfig          ********   *** removed from Debug\stm8s_gpio.o ***
_GPIO_Init                          00008b76   defined in Debug\stm8s_gpio.o section .text
                                               used in Debug\main.o
_GPIO_ReadInputData                 ********   *** removed from Debug\stm8s_gpio.o ***
_GPIO_ReadInputPin                  ********   *** removed from Debug\stm8s_gpio.o ***
_GPIO_ReadOutputData                ********   *** removed from Debug\stm8s_gpio.o ***
_GPIO_Write                         ********   *** removed from Debug\stm8s_gpio.o ***
_GPIO_WriteHigh                     ********   *** removed from Debug\stm8s_gpio.o ***
_GPIO_WriteLow                      ********   *** removed from Debug\stm8s_gpio.o ***
_GPIO_WriteReverse                  00008c15   defined in Debug\stm8s_gpio.o section .text
                                               used in Debug\main.o
_HSIDivFactor                       00008167   defined in Debug\stm8s_clk.o section .const
_I2C_AcknowledgeConfig              ********   *** removed from Debug\stm8s_i2c.o ***
_I2C_CheckEvent                     ********   *** removed from Debug\stm8s_i2c.o ***
_I2C_ClearFlag                      ********   *** removed from Debug\stm8s_i2c.o ***
_I2C_ClearITPendingBit              ********   *** removed from Debug\stm8s_i2c.o ***
_I2C_Cmd                            ********   *** removed from Debug\stm8s_i2c.o ***
_I2C_DeInit                         ********   *** removed from Debug\stm8s_i2c.o ***
_I2C_FastModeDutyCycleConfig        ********   *** removed from Debug\stm8s_i2c.o ***
_I2C_GeneralCallCmd                 ********   *** removed from Debug\stm8s_i2c.o ***
_I2C_GenerateSTART                  ********   *** removed from Debug\stm8s_i2c.o ***
_I2C_GenerateSTOP                   ********   *** removed from Debug\stm8s_i2c.o ***
_I2C_GetFlagStatus                  ********   *** removed from Debug\stm8s_i2c.o ***
_I2C_GetITStatus                    ********   *** removed from Debug\stm8s_i2c.o ***
_I2C_GetLastEvent                   ********   *** removed from Debug\stm8s_i2c.o ***
_I2C_ITConfig                       ********   *** removed from Debug\stm8s_i2c.o ***
_I2C_Init                           ********   *** removed from Debug\stm8s_i2c.o ***
_I2C_Master_Init                    000082c0   defined in Debug\i2c_master_poll.o section .text
                                               used in Debug\main.o
_I2C_ReadRegister                   000082e5   defined in Debug\i2c_master_poll.o section .text
                                               used in Debug\main.o
_I2C_ReceiveData                    ********   *** removed from Debug\stm8s_i2c.o ***
_I2C_Send7bitAddress                ********   *** removed from Debug\stm8s_i2c.o ***
_I2C_SendData                       ********   *** removed from Debug\stm8s_i2c.o ***
_I2C_SoftwareResetCmd               ********   *** removed from Debug\stm8s_i2c.o ***
_I2C_StretchClockCmd                ********   *** removed from Debug\stm8s_i2c.o ***
_I2C_WriteRegister                  ********   *** removed from Debug\i2c_master_poll.o ***
_ITC_DeInit                         ********   *** removed from Debug\stm8s_itc.o ***
_ITC_GetCPUCC                       ********   *** removed from Debug\stm8s_itc.o ***
_ITC_GetSoftIntStatus               ********   *** removed from Debug\stm8s_itc.o ***
_ITC_GetSoftwarePriority            ********   *** removed from Debug\stm8s_itc.o ***
_ITC_SetSoftwarePriority            ********   *** removed from Debug\stm8s_itc.o ***
_IWDG_Enable                        ********   *** removed from Debug\stm8s_iwdg.o ***
_IWDG_ReloadCounter                 ********   *** removed from Debug\stm8s_iwdg.o ***
_IWDG_SetPrescaler                  ********   *** removed from Debug\stm8s_iwdg.o ***
_IWDG_SetReload                     ********   *** removed from Debug\stm8s_iwdg.o ***
_IWDG_WriteAccessCmd                ********   *** removed from Debug\stm8s_iwdg.o ***
_RST_ClearFlag                      ********   *** removed from Debug\stm8s_rst.o ***
_RST_GetFlagStatus                  ********   *** removed from Debug\stm8s_rst.o ***
_SAMP_RES                           00000108   defined in Debug\main.o section .data, initialized
                                               used in Debug\stm8s_it.o
_SPI_BiDirectionalLineConfig        ********   *** removed from Debug\stm8s_spi.o ***
_SPI_CalculateCRCCmd                ********   *** removed from Debug\stm8s_spi.o ***
_SPI_ClearFlag                      ********   *** removed from Debug\stm8s_spi.o ***
_SPI_ClearITPendingBit              ********   *** removed from Debug\stm8s_spi.o ***
_SPI_Cmd                            ********   *** removed from Debug\stm8s_spi.o ***
_SPI_DeInit                         ********   *** removed from Debug\stm8s_spi.o ***
_SPI_GetCRC                         ********   *** removed from Debug\stm8s_spi.o ***
_SPI_GetCRCPolynomial               ********   *** removed from Debug\stm8s_spi.o ***
_SPI_GetFlagStatus                  ********   *** removed from Debug\stm8s_spi.o ***
_SPI_GetITStatus                    ********   *** removed from Debug\stm8s_spi.o ***
_SPI_ITConfig                       ********   *** removed from Debug\stm8s_spi.o ***
_SPI_Init                           ********   *** removed from Debug\stm8s_spi.o ***
_SPI_NSSInternalSoftwareCmd         ********   *** removed from Debug\stm8s_spi.o ***
_SPI_ReceiveData                    ********   *** removed from Debug\stm8s_spi.o ***
_SPI_ResetCRC                       ********   *** removed from Debug\stm8s_spi.o ***
_SPI_SendData                       ********   *** removed from Debug\stm8s_spi.o ***
_SPI_TransmitCRC                    ********   *** removed from Debug\stm8s_spi.o ***
_TBR_Array                          ********   *** removed from Debug\stm8s_awu.o ***
_TIM1_ARRPreloadConfig              ********   *** removed from Debug\stm8s_tim1.o ***
_TIM1_BDTRConfig                    ********   *** removed from Debug\stm8s_tim1.o ***
_TIM1_CCPreloadControl              ********   *** removed from Debug\stm8s_tim1.o ***
_TIM1_CCxCmd                        ********   *** removed from Debug\stm8s_tim1.o ***
_TIM1_CCxNCmd                       ********   *** removed from Debug\stm8s_tim1.o ***
_TIM1_ClearFlag                     00008ec1   defined in Debug\stm8s_tim1.o section .text
                                               used in Debug\stm8s_it.o
_TIM1_ClearITPendingBit             00008eee   defined in Debug\stm8s_tim1.o section .text
                                               used in Debug\stm8s_it.o
_TIM1_Cmd                           00008dbc   defined in Debug\stm8s_tim1.o section .text
                                               used in Debug\main.o
_TIM1_CounterModeConfig             ********   *** removed from Debug\stm8s_tim1.o ***
_TIM1_CtrlPWMOutputs                ********   *** removed from Debug\stm8s_tim1.o ***
_TIM1_DeInit                        00008c1a   defined in Debug\stm8s_tim1.o section .text
                                               used in Debug\main.o
_TIM1_ETRClockMode1Config           ********   *** removed from Debug\stm8s_tim1.o ***
_TIM1_ETRClockMode2Config           ********   *** removed from Debug\stm8s_tim1.o ***
_TIM1_ETRConfig                     ********   *** removed from Debug\stm8s_tim1.o ***
_TIM1_EncoderInterfaceConfig        ********   *** removed from Debug\stm8s_tim1.o ***
_TIM1_ForcedOC1Config               ********   *** removed from Debug\stm8s_tim1.o ***
_TIM1_ForcedOC2Config               ********   *** removed from Debug\stm8s_tim1.o ***
_TIM1_ForcedOC3Config               ********   *** removed from Debug\stm8s_tim1.o ***
_TIM1_ForcedOC4Config               ********   *** removed from Debug\stm8s_tim1.o ***
_TIM1_GenerateEvent                 ********   *** removed from Debug\stm8s_tim1.o ***
_TIM1_GetCapture1                   ********   *** removed from Debug\stm8s_tim1.o ***
_TIM1_GetCapture2                   ********   *** removed from Debug\stm8s_tim1.o ***
_TIM1_GetCapture3                   ********   *** removed from Debug\stm8s_tim1.o ***
_TIM1_GetCapture4                   ********   *** removed from Debug\stm8s_tim1.o ***
_TIM1_GetCounter                    ********   *** removed from Debug\stm8s_tim1.o ***
_TIM1_GetFlagStatus                 ********   *** removed from Debug\stm8s_tim1.o ***
_TIM1_GetITStatus                   ********   *** removed from Debug\stm8s_tim1.o ***
_TIM1_GetPrescaler                  ********   *** removed from Debug\stm8s_tim1.o ***
_TIM1_ICInit                        00008cfb   defined in Debug\stm8s_tim1.o section .text
                                               used in Debug\main.o
_TIM1_ITConfig                      00008de1   defined in Debug\stm8s_tim1.o section .text
                                               used in Debug\main.o
_TIM1_InternalClockConfig           ********   *** removed from Debug\stm8s_tim1.o ***
_TIM1_OC1FastConfig                 ********   *** removed from Debug\stm8s_tim1.o ***
_TIM1_OC1Init                       ********   *** removed from Debug\stm8s_tim1.o ***
_TIM1_OC1NPolarityConfig            ********   *** removed from Debug\stm8s_tim1.o ***
_TIM1_OC1PolarityConfig             ********   *** removed from Debug\stm8s_tim1.o ***
_TIM1_OC1PreloadConfig              ********   *** removed from Debug\stm8s_tim1.o ***
_TIM1_OC2FastConfig                 ********   *** removed from Debug\stm8s_tim1.o ***
_TIM1_OC2Init                       ********   *** removed from Debug\stm8s_tim1.o ***
_TIM1_OC2NPolarityConfig            ********   *** removed from Debug\stm8s_tim1.o ***
_TIM1_OC2PolarityConfig             ********   *** removed from Debug\stm8s_tim1.o ***
_TIM1_OC2PreloadConfig              ********   *** removed from Debug\stm8s_tim1.o ***
_TIM1_OC3FastConfig                 ********   *** removed from Debug\stm8s_tim1.o ***
_TIM1_OC3Init                       ********   *** removed from Debug\stm8s_tim1.o ***
_TIM1_OC3NPolarityConfig            ********   *** removed from Debug\stm8s_tim1.o ***
_TIM1_OC3PolarityConfig             ********   *** removed from Debug\stm8s_tim1.o ***
_TIM1_OC3PreloadConfig              ********   *** removed from Debug\stm8s_tim1.o ***
_TIM1_OC4FastConfig                 ********   *** removed from Debug\stm8s_tim1.o ***
_TIM1_OC4Init                       ********   *** removed from Debug\stm8s_tim1.o ***
_TIM1_OC4PolarityConfig             ********   *** removed from Debug\stm8s_tim1.o ***
_TIM1_OC4PreloadConfig              ********   *** removed from Debug\stm8s_tim1.o ***
_TIM1_PWMIConfig                    ********   *** removed from Debug\stm8s_tim1.o ***
_TIM1_PrescalerConfig               ********   *** removed from Debug\stm8s_tim1.o ***
_TIM1_SelectCOM                     ********   *** removed from Debug\stm8s_tim1.o ***
_TIM1_SelectHallSensor              ********   *** removed from Debug\stm8s_tim1.o ***
_TIM1_SelectInputTrigger            ********   *** removed from Debug\stm8s_tim1.o ***
_TIM1_SelectMasterSlaveMode         ********   *** removed from Debug\stm8s_tim1.o ***
_TIM1_SelectOCxM                    ********   *** removed from Debug\stm8s_tim1.o ***
_TIM1_SelectOnePulseMode            ********   *** removed from Debug\stm8s_tim1.o ***
_TIM1_SelectOutputTrigger           ********   *** removed from Debug\stm8s_tim1.o ***
_TIM1_SelectSlaveMode               ********   *** removed from Debug\stm8s_tim1.o ***
_TIM1_SetAutoreload                 ********   *** removed from Debug\stm8s_tim1.o ***
_TIM1_SetCompare1                   ********   *** removed from Debug\stm8s_tim1.o ***
_TIM1_SetCompare2                   ********   *** removed from Debug\stm8s_tim1.o ***
_TIM1_SetCompare3                   ********   *** removed from Debug\stm8s_tim1.o ***
_TIM1_SetCompare4                   ********   *** removed from Debug\stm8s_tim1.o ***
_TIM1_SetCounter                    ********   *** removed from Debug\stm8s_tim1.o ***
_TIM1_SetIC1Prescaler               00008e19   defined in Debug\stm8s_tim1.o section .text
_TIM1_SetIC2Prescaler               00008e43   defined in Debug\stm8s_tim1.o section .text
_TIM1_SetIC3Prescaler               00008e6d   defined in Debug\stm8s_tim1.o section .text
_TIM1_SetIC4Prescaler               00008e97   defined in Debug\stm8s_tim1.o section .text
_TIM1_TIxExternalClockConfig        ********   *** removed from Debug\stm8s_tim1.o ***
_TIM1_TimeBaseInit                  00008cb3   defined in Debug\stm8s_tim1.o section .text
                                               used in Debug\main.o
_TIM1_UpdateDisableConfig           ********   *** removed from Debug\stm8s_tim1.o ***
_TIM1_UpdateRequestConfig           ********   *** removed from Debug\stm8s_tim1.o ***
_TIM2_ARRPreloadConfig              ********   *** removed from Debug\stm8s_tim2.o ***
_TIM2_CCxCmd                        ********   *** removed from Debug\stm8s_tim2.o ***
_TIM2_ClearFlag                     00009091   defined in Debug\stm8s_tim2.o section .text
                                               used in Debug\stm8s_it.o
_TIM2_ClearITPendingBit             000090ba   defined in Debug\stm8s_tim2.o section .text
                                               used in Debug\stm8s_it.o
_TIM2_Cmd                           0000902f   defined in Debug\stm8s_tim2.o section .text
                                               used in Debug\main.o
_TIM2_DeInit                        00008fc8   defined in Debug\stm8s_tim2.o section .text
                                               used in Debug\main.o
_TIM2_ForcedOC1Config               ********   *** removed from Debug\stm8s_tim2.o ***
_TIM2_ForcedOC2Config               ********   *** removed from Debug\stm8s_tim2.o ***
_TIM2_ForcedOC3Config               ********   *** removed from Debug\stm8s_tim2.o ***
_TIM2_GenerateEvent                 ********   *** removed from Debug\stm8s_tim2.o ***
_TIM2_GetCapture1                   ********   *** removed from Debug\stm8s_tim2.o ***
_TIM2_GetCapture2                   ********   *** removed from Debug\stm8s_tim2.o ***
_TIM2_GetCapture3                   ********   *** removed from Debug\stm8s_tim2.o ***
_TIM2_GetCounter                    ********   *** removed from Debug\stm8s_tim2.o ***
_TIM2_GetFlagStatus                 ********   *** removed from Debug\stm8s_tim2.o ***
_TIM2_GetITStatus                   ********   *** removed from Debug\stm8s_tim2.o ***
_TIM2_GetPrescaler                  ********   *** removed from Debug\stm8s_tim2.o ***
_TIM2_ICInit                        ********   *** removed from Debug\stm8s_tim2.o ***
_TIM2_ITConfig                      00009054   defined in Debug\stm8s_tim2.o section .text
                                               used in Debug\main.o
_TIM2_OC1Init                       ********   *** removed from Debug\stm8s_tim2.o ***
_TIM2_OC1PolarityConfig             ********   *** removed from Debug\stm8s_tim2.o ***
_TIM2_OC1PreloadConfig              ********   *** removed from Debug\stm8s_tim2.o ***
_TIM2_OC2Init                       ********   *** removed from Debug\stm8s_tim2.o ***
_TIM2_OC2PolarityConfig             ********   *** removed from Debug\stm8s_tim2.o ***
_TIM2_OC2PreloadConfig              ********   *** removed from Debug\stm8s_tim2.o ***
_TIM2_OC3Init                       ********   *** removed from Debug\stm8s_tim2.o ***
_TIM2_OC3PolarityConfig             ********   *** removed from Debug\stm8s_tim2.o ***
_TIM2_OC3PreloadConfig              ********   *** removed from Debug\stm8s_tim2.o ***
_TIM2_PWMIConfig                    ********   *** removed from Debug\stm8s_tim2.o ***
_TIM2_PrescalerConfig               ********   *** removed from Debug\stm8s_tim2.o ***
_TIM2_SelectOCxM                    ********   *** removed from Debug\stm8s_tim2.o ***
_TIM2_SelectOnePulseMode            ********   *** removed from Debug\stm8s_tim2.o ***
_TIM2_SetAutoreload                 ********   *** removed from Debug\stm8s_tim2.o ***
_TIM2_SetCompare1                   ********   *** removed from Debug\stm8s_tim2.o ***
_TIM2_SetCompare2                   ********   *** removed from Debug\stm8s_tim2.o ***
_TIM2_SetCompare3                   ********   *** removed from Debug\stm8s_tim2.o ***
_TIM2_SetCounter                    ********   *** removed from Debug\stm8s_tim2.o ***
_TIM2_SetIC1Prescaler               ********   *** removed from Debug\stm8s_tim2.o ***
_TIM2_SetIC2Prescaler               ********   *** removed from Debug\stm8s_tim2.o ***
_TIM2_SetIC3Prescaler               ********   *** removed from Debug\stm8s_tim2.o ***
_TIM2_TimeBaseInit                  00009021   defined in Debug\stm8s_tim2.o section .text
                                               used in Debug\main.o
_TIM2_UpdateDisableConfig           ********   *** removed from Debug\stm8s_tim2.o ***
_TIM2_UpdateRequestConfig           ********   *** removed from Debug\stm8s_tim2.o ***
_TIM4_ARRPreloadConfig              ********   *** removed from Debug\stm8s_tim4.o ***
_TIM4_ClearFlag                     ********   *** removed from Debug\stm8s_tim4.o ***
_TIM4_ClearITPendingBit             ********   *** removed from Debug\stm8s_tim4.o ***
_TIM4_Cmd                           ********   *** removed from Debug\stm8s_tim4.o ***
_TIM4_DeInit                        ********   *** removed from Debug\stm8s_tim4.o ***
_TIM4_GenerateEvent                 ********   *** removed from Debug\stm8s_tim4.o ***
_TIM4_GetCounter                    ********   *** removed from Debug\stm8s_tim4.o ***
_TIM4_GetFlagStatus                 ********   *** removed from Debug\stm8s_tim4.o ***
_TIM4_GetITStatus                   ********   *** removed from Debug\stm8s_tim4.o ***
_TIM4_GetPrescaler                  ********   *** removed from Debug\stm8s_tim4.o ***
_TIM4_ITConfig                      ********   *** removed from Debug\stm8s_tim4.o ***
_TIM4_Init                          00008472   defined in Debug\i2c_master_poll.o section .text
                                               used in Debug\main.o
_TIM4_PrescalerConfig               ********   *** removed from Debug\stm8s_tim4.o ***
_TIM4_SelectOnePulseMode            ********   *** removed from Debug\stm8s_tim4.o ***
_TIM4_SetAutoreload                 ********   *** removed from Debug\stm8s_tim4.o ***
_TIM4_SetCounter                    ********   *** removed from Debug\stm8s_tim4.o ***
_TIM4_TimeBaseInit                  ********   *** removed from Debug\stm8s_tim4.o ***
_TIM4_UpdateDisableConfig           ********   *** removed from Debug\stm8s_tim4.o ***
_TIM4_UpdateRequestConfig           ********   *** removed from Debug\stm8s_tim4.o ***
_TIM4_tout                          00000112   defined in Debug\main.o section .bss
                                               used in Debug\i2c_master_poll.o
                                                       Debug\stm8s_it.o
_UART1_ClearFlag                    ********   *** removed from Debug\stm8s_uart1.o ***
_UART1_ClearITPendingBit            ********   *** removed from Debug\stm8s_uart1.o ***
_UART1_Cmd                          000092cf   defined in Debug\stm8s_uart1.o section .text
                                               used in Debug\main.o
_UART1_DeInit                       000090d8   defined in Debug\stm8s_uart1.o section .text
                                               used in Debug\main.o
_UART1_GetFlagStatus                000092e0   defined in Debug\stm8s_uart1.o section .text
                                               used in Debug\main.o
_UART1_GetITStatus                  ********   *** removed from Debug\stm8s_uart1.o ***
_UART1_HalfDuplexCmd                ********   *** removed from Debug\stm8s_uart1.o ***
_UART1_ITConfig                     ********   *** removed from Debug\stm8s_uart1.o ***
_UART1_Init                         00009103   defined in Debug\stm8s_uart1.o section .text
                                               used in Debug\main.o
_UART1_IrDACmd                      ********   *** removed from Debug\stm8s_uart1.o ***
_UART1_IrDAConfig                   ********   *** removed from Debug\stm8s_uart1.o ***
_UART1_LINBreakDetectionConfig      ********   *** removed from Debug\stm8s_uart1.o ***
_UART1_LINCmd                       ********   *** removed from Debug\stm8s_uart1.o ***
_UART1_ReceiveData8                 ********   *** removed from Debug\stm8s_uart1.o ***
_UART1_ReceiveData9                 ********   *** removed from Debug\stm8s_uart1.o ***
_UART1_ReceiverWakeUpCmd            ********   *** removed from Debug\stm8s_uart1.o ***
_UART1_SendBreak                    ********   *** removed from Debug\stm8s_uart1.o ***
_UART1_SendData8                    000092dc   defined in Debug\stm8s_uart1.o section .text
                                               used in Debug\main.o
_UART1_SendData9                    ********   *** removed from Debug\stm8s_uart1.o ***
_UART1_SetAddress                   ********   *** removed from Debug\stm8s_uart1.o ***
_UART1_SetGuardTime                 ********   *** removed from Debug\stm8s_uart1.o ***
_UART1_SetPrescaler                 ********   *** removed from Debug\stm8s_uart1.o ***
_UART1_SmartCardCmd                 ********   *** removed from Debug\stm8s_uart1.o ***
_UART1_SmartCardNACKCmd             ********   *** removed from Debug\stm8s_uart1.o ***
_UART1_WakeUpConfig                 ********   *** removed from Debug\stm8s_uart1.o ***
_WWDG_GetCounter                    ********   *** removed from Debug\stm8s_wwdg.o ***
_WWDG_Init                          ********   *** removed from Debug\stm8s_wwdg.o ***
_WWDG_SWReset                       ********   *** removed from Debug\stm8s_wwdg.o ***
_WWDG_SetCounter                    ********   *** removed from Debug\stm8s_wwdg.o ***
_WWDG_SetWindowValue                ********   *** removed from Debug\stm8s_wwdg.o ***
__endmem                            000001ff   defined in command file
                                               *** not used ***
__endzp                             0000000a   defined in command file section .ubsct
                                               used in C:\Program Files (x86)\COSMIC\FSE_Compilers\CXSTM8\Lib\crtsi0.sm8
__idesc__                           00008256   defined in linker section .init
                                               used in C:\Program Files (x86)\COSMIC\FSE_Compilers\CXSTM8\Lib\crtsi0.sm8
__itob                              00009894   defined in (C:\Program Files (x86)\COSMIC\FSE_Compilers\CXSTM8\Lib\libisl0.sm8)itob.o section .text
                                               used in (C:\Program Files (x86)\COSMIC\FSE_Compilers\CXSTM8\Lib\libisl0.sm8)cprint.o
__ltob                              0000990e   defined in (C:\Program Files (x86)\COSMIC\FSE_Compilers\CXSTM8\Lib\libisl0.sm8)itob.o section .text
                                               used in (C:\Program Files (x86)\COSMIC\FSE_Compilers\CXSTM8\Lib\libisl0.sm8)cprint.o
__memory                            00000114   defined in command file section .bss
                                               used in C:\Program Files (x86)\COSMIC\FSE_Compilers\CXSTM8\Lib\crtsi0.sm8
__print                             00009461   defined in (C:\Program Files (x86)\COSMIC\FSE_Compilers\CXSTM8\Lib\libisl0.sm8)cprint.o section .text
                                               used in (C:\Program Files (x86)\COSMIC\FSE_Compilers\CXSTM8\Lib\libisl0.sm8)printf.o
__stack                             000003ff   defined in command file
                                               used in C:\Program Files (x86)\COSMIC\FSE_Compilers\CXSTM8\Lib\crtsi0.sm8
__startmem                          00000114   defined in command file section .bss
                                               *** not used ***
__stext                             00008270   defined in C:\Program Files (x86)\COSMIC\FSE_Compilers\CXSTM8\Lib\crtsi0.sm8 section .text
                                               used in Debug\stm8_interrupt_vector.o
__udiv                              000099a4   defined in (C:\Program Files (x86)\COSMIC\FSE_Compilers\CXSTM8\Lib\libisl0.sm8)idiv0.o section .text
                                               used in (C:\Program Files (x86)\COSMIC\FSE_Compilers\CXSTM8\Lib\libisl0.sm8)itob.o
__uldiv                             000099af   defined in (C:\Program Files (x86)\COSMIC\FSE_Compilers\CXSTM8\Lib\libisl0.sm8)ildiv0.o section .text
                                               used in (C:\Program Files (x86)\COSMIC\FSE_Compilers\CXSTM8\Lib\libisl0.sm8)itob.o
__vectab                            00008000   defined in Debug\stm8_interrupt_vector.o section .const
_assert_failed                      000086a7   defined in Debug\main.o section .text
                                               used in Debug\stm8s_adc1.o
                                                       Debug\stm8s_awu.o
                                                       Debug\stm8s_beep.o
                                                       Debug\stm8s_clk.o
                                                       Debug\stm8s_exti.o
                                                       Debug\stm8s_flash.o
                                                       Debug\stm8s_gpio.o
                                                       Debug\stm8s_i2c.o
                                                       Debug\stm8s_itc.o
                                                       Debug\stm8s_iwdg.o
                                                       Debug\stm8s_rst.o
                                                       Debug\stm8s_spi.o
                                                       Debug\stm8s_tim1.o
                                                       Debug\stm8s_tim2.o
                                                       Debug\stm8s_tim4.o
                                                       Debug\stm8s_uart1.o
                                                       Debug\stm8s_wwdg.o
_cap                                00000110   defined in Debug\main.o section .data, initialized
                                               used in Debug\stm8s_it.o
_dataBuf                            00000100   defined in Debug\main.o section .data, initialized
_exit                               000082be   defined in C:\Program Files (x86)\COSMIC\FSE_Compilers\CXSTM8\Lib\crtsi0.sm8 section .text
_freq                               0000010e   defined in Debug\main.o section .data, initialized
                                               used in Debug\stm8s_it.o
_getchar                            ********   *** removed from Debug\main.o ***
_main                               00008483   defined in Debug\main.o section .text
                                               used in C:\Program Files (x86)\COSMIC\FSE_Compilers\CXSTM8\Lib\crtsi0.sm8
_memset                             00009349   defined in (C:\Program Files (x86)\COSMIC\FSE_Compilers\CXSTM8\Lib\libisl0.sm8)memset0.o section .text
                                               used in Debug\main.o
_overflow_count_tim1                0000010a   defined in Debug\main.o section .data, initialized
                                               used in Debug\stm8s_it.o
_overflow_count_tim2                0000010c   defined in Debug\main.o section .data, initialized
_printf                             00009358   defined in (C:\Program Files (x86)\COSMIC\FSE_Compilers\CXSTM8\Lib\libisl0.sm8)printf.o section .text
                                               used in Debug\main.o
_putchar                            00008695   defined in Debug\main.o section .text
                                               used in (C:\Program Files (x86)\COSMIC\FSE_Compilers\CXSTM8\Lib\libisl0.sm8)cprint.o
_strlen                             000099ca   defined in (C:\Program Files (x86)\COSMIC\FSE_Compilers\CXSTM8\Lib\libisl0.sm8)strlen0.o section .text
                                               used in (C:\Program Files (x86)\COSMIC\FSE_Compilers\CXSTM8\Lib\libisl0.sm8)cprint.o
_toupper                            000099d6   defined in (C:\Program Files (x86)\COSMIC\FSE_Compilers\CXSTM8\Lib\libisl0.sm8)toup0.o section .text
                                               used in (C:\Program Files (x86)\COSMIC\FSE_Compilers\CXSTM8\Lib\libisl0.sm8)cprint.o
c_cmulx                             ********   *** removed from (C:\Program Files (x86)\COSMIC\FSE_Compilers\CXSTM8\Lib\libm0.sm8)cmulx.o ***
c_divsl                             000099e1   defined in (C:\Program Files (x86)\COSMIC\FSE_Compilers\CXSTM8\Lib\libm0.sm8)ldiv.o section .text
                                               used in (C:\Program Files (x86)\COSMIC\FSE_Compilers\CXSTM8\Lib\libm0.sm8)lsdiv.o
c_divul                             000099f8   defined in (C:\Program Files (x86)\COSMIC\FSE_Compilers\CXSTM8\Lib\libm0.sm8)ldiv.o section .text
                                               used in (C:\Program Files (x86)\COSMIC\FSE_Compilers\CXSTM8\Lib\libisl0.sm8)ildiv0.o
                                                       (C:\Program Files (x86)\COSMIC\FSE_Compilers\CXSTM8\Lib\libm0.sm8)ludiv.o
c_imul                              00009acc   defined in (C:\Program Files (x86)\COSMIC\FSE_Compilers\CXSTM8\Lib\libm0.sm8)imul.o section .text
                                               used in Debug\stm8s_it.o
                                                       Debug\stm8s_awu.o
                                                       Debug\stm8s_beep.o
                                                       (C:\Program Files (x86)\COSMIC\FSE_Compilers\CXSTM8\Lib\libisl0.sm8)cprint.o
c_ladd                              ********   *** removed from (C:\Program Files (x86)\COSMIC\FSE_Compilers\CXSTM8\Lib\libm0.sm8)ladd.o ***
c_lcmp                              00009aed   defined in (C:\Program Files (x86)\COSMIC\FSE_Compilers\CXSTM8\Lib\libm0.sm8)lcmp.o section .text
                                               used in Debug\stm8s_awu.o
                                                       Debug\stm8s_beep.o
                                                       Debug\stm8s_flash.o
                                                       Debug\stm8s_i2c.o
                                                       Debug\stm8s_uart1.o
c_ldiv                              00009b0d   defined in (C:\Program Files (x86)\COSMIC\FSE_Compilers\CXSTM8\Lib\libm0.sm8)lsdiv.o section .text
                                               used in Debug\stm8s_it.o
c_lgadd                             ********   *** removed from (C:\Program Files (x86)\COSMIC\FSE_Compilers\CXSTM8\Lib\libm0.sm8)lgadd.o ***
c_lgneg                             00009b2c   defined in (C:\Program Files (x86)\COSMIC\FSE_Compilers\CXSTM8\Lib\libm0.sm8)lgneg.o section .text
                                               used in (C:\Program Files (x86)\COSMIC\FSE_Compilers\CXSTM8\Lib\libm0.sm8)ldiv.o
c_llsh                              00009b3f   defined in (C:\Program Files (x86)\COSMIC\FSE_Compilers\CXSTM8\Lib\libm0.sm8)llsh.o section .text
                                               used in Debug\stm8s_uart1.o
c_lmul                              ********   *** removed from (C:\Program Files (x86)\COSMIC\FSE_Compilers\CXSTM8\Lib\libm0.sm8)lmul.o ***
c_lmulc                             ********   *** removed from (C:\Program Files (x86)\COSMIC\FSE_Compilers\CXSTM8\Lib\libm0.sm8)lmul.o ***
c_lneg                              00009b4e   defined in (C:\Program Files (x86)\COSMIC\FSE_Compilers\CXSTM8\Lib\libm0.sm8)lneg.o section .text
                                               used in (C:\Program Files (x86)\COSMIC\FSE_Compilers\CXSTM8\Lib\libisl0.sm8)itob.o
                                                       (C:\Program Files (x86)\COSMIC\FSE_Compilers\CXSTM8\Lib\libm0.sm8)ldiv.o
                                                       (C:\Program Files (x86)\COSMIC\FSE_Compilers\CXSTM8\Lib\libm0.sm8)lsdiv.o
c_lreg                              00000000   defined in (C:\Program Files (x86)\COSMIC\FSE_Compilers\CXSTM8\Lib\libm0.sm8)lreg.o section .ubsct
                                               used in Debug\stm8s_it.o
                                                       Debug\stm8s_awu.o
                                                       Debug\stm8s_beep.o
                                                       Debug\stm8s_clk.o
                                                       Debug\stm8s_flash.o
                                                       Debug\stm8s_i2c.o
                                                       Debug\stm8s_uart1.o
                                                       (C:\Program Files (x86)\COSMIC\FSE_Compilers\CXSTM8\Lib\libisl0.sm8)cprint.o
                                                       (C:\Program Files (x86)\COSMIC\FSE_Compilers\CXSTM8\Lib\libm0.sm8)cmulx.o
                                                       (C:\Program Files (x86)\COSMIC\FSE_Compilers\CXSTM8\Lib\libm0.sm8)ldiv.o
                                                       (C:\Program Files (x86)\COSMIC\FSE_Compilers\CXSTM8\Lib\libm0.sm8)ladd.o
                                                       (C:\Program Files (x86)\COSMIC\FSE_Compilers\CXSTM8\Lib\libm0.sm8)lcmp.o
                                                       (C:\Program Files (x86)\COSMIC\FSE_Compilers\CXSTM8\Lib\libm0.sm8)lgadd.o
                                                       (C:\Program Files (x86)\COSMIC\FSE_Compilers\CXSTM8\Lib\libm0.sm8)llsh.o
                                                       (C:\Program Files (x86)\COSMIC\FSE_Compilers\CXSTM8\Lib\libm0.sm8)lmul.o
                                                       (C:\Program Files (x86)\COSMIC\FSE_Compilers\CXSTM8\Lib\libm0.sm8)lneg.o
                                                       (C:\Program Files (x86)\COSMIC\FSE_Compilers\CXSTM8\Lib\libm0.sm8)lsub.o
                                                       (C:\Program Files (x86)\COSMIC\FSE_Compilers\CXSTM8\Lib\libm0.sm8)ltor.o
                                                       (C:\Program Files (x86)\COSMIC\FSE_Compilers\CXSTM8\Lib\libm0.sm8)lursh.o
                                                       (C:\Program Files (x86)\COSMIC\FSE_Compilers\CXSTM8\Lib\libm0.sm8)rtol.o
                                                       (C:\Program Files (x86)\COSMIC\FSE_Compilers\CXSTM8\Lib\libm0.sm8)smul.o
                                                       (C:\Program Files (x86)\COSMIC\FSE_Compilers\CXSTM8\Lib\libm0.sm8)utolx.o
                                                       (C:\Program Files (x86)\COSMIC\FSE_Compilers\CXSTM8\Lib\libm0.sm8)umul.o
c_lsub                              00009b63   defined in (C:\Program Files (x86)\COSMIC\FSE_Compilers\CXSTM8\Lib\libm0.sm8)lsub.o section .text
                                               used in Debug\stm8s_uart1.o
c_ltor                              00009b7b   defined in (C:\Program Files (x86)\COSMIC\FSE_Compilers\CXSTM8\Lib\libm0.sm8)ltor.o section .text
                                               used in Debug\stm8s_awu.o
                                                       Debug\stm8s_beep.o
                                                       Debug\stm8s_clk.o
                                                       Debug\stm8s_flash.o
                                                       Debug\stm8s_i2c.o
                                                       Debug\stm8s_uart1.o
                                                       (C:\Program Files (x86)\COSMIC\FSE_Compilers\CXSTM8\Lib\libisl0.sm8)itob.o
                                                       (C:\Program Files (x86)\COSMIC\FSE_Compilers\CXSTM8\Lib\libisl0.sm8)ildiv0.o
c_ludv                              00009b8d   defined in (C:\Program Files (x86)\COSMIC\FSE_Compilers\CXSTM8\Lib\libm0.sm8)ludiv.o section .text
                                               used in Debug\stm8s_awu.o
                                                       Debug\stm8s_beep.o
                                                       Debug\stm8s_clk.o
                                                       Debug\stm8s_i2c.o
                                                       Debug\stm8s_uart1.o
c_lursh                             00009ba1   defined in (C:\Program Files (x86)\COSMIC\FSE_Compilers\CXSTM8\Lib\libm0.sm8)lursh.o section .text
                                               used in Debug\stm8s_uart1.o
c_lzmp                              00009bb0   defined in (C:\Program Files (x86)\COSMIC\FSE_Compilers\CXSTM8\Lib\libm0.sm8)lzmp.o section .text
                                               used in Debug\stm8s_i2c.o
                                                       (C:\Program Files (x86)\COSMIC\FSE_Compilers\CXSTM8\Lib\libisl0.sm8)itob.o
c_rtol                              00009bc3   defined in (C:\Program Files (x86)\COSMIC\FSE_Compilers\CXSTM8\Lib\libm0.sm8)rtol.o section .text
                                               used in Debug\stm8s_it.o
                                                       Debug\stm8s_clk.o
                                                       Debug\stm8s_flash.o
                                                       Debug\stm8s_i2c.o
                                                       Debug\stm8s_uart1.o
                                                       (C:\Program Files (x86)\COSMIC\FSE_Compilers\CXSTM8\Lib\libisl0.sm8)cprint.o
                                                       (C:\Program Files (x86)\COSMIC\FSE_Compilers\CXSTM8\Lib\libisl0.sm8)itob.o
                                                       (C:\Program Files (x86)\COSMIC\FSE_Compilers\CXSTM8\Lib\libisl0.sm8)ildiv0.o
c_sdivx                             ********   *** removed from (C:\Program Files (x86)\COSMIC\FSE_Compilers\CXSTM8\Lib\libm0.sm8)sdivx.o ***
c_smodx                             ********   *** removed from (C:\Program Files (x86)\COSMIC\FSE_Compilers\CXSTM8\Lib\libm0.sm8)sdivx.o ***
c_smul                              00009bd5   defined in (C:\Program Files (x86)\COSMIC\FSE_Compilers\CXSTM8\Lib\libm0.sm8)smul.o section .text
                                               used in Debug\stm8s_i2c.o
                                                       Debug\stm8s_uart1.o
c_uitolx                            00009c14   defined in (C:\Program Files (x86)\COSMIC\FSE_Compilers\CXSTM8\Lib\libm0.sm8)utolx.o section .text
                                               used in Debug\stm8s_it.o
c_umul                              ********   *** removed from (C:\Program Files (x86)\COSMIC\FSE_Compilers\CXSTM8\Lib\libm0.sm8)umul.o ***
c_x                                 00000004   defined in (C:\Program Files (x86)\COSMIC\FSE_Compilers\CXSTM8\Lib\libm0.sm8)xreg.o section .ubsct
                                               used in C:\Program Files (x86)\COSMIC\FSE_Compilers\CXSTM8\Lib\crtsi0.sm8
                                                       Debug\stm8s_it.o
                                                       Debug\stm8s_awu.o
                                                       Debug\stm8s_beep.o
                                                       (C:\Program Files (x86)\COSMIC\FSE_Compilers\CXSTM8\Lib\libisl0.sm8)strlen0.o
                                                       (C:\Program Files (x86)\COSMIC\FSE_Compilers\CXSTM8\Lib\libm0.sm8)ldiv.o
                                                       (C:\Program Files (x86)\COSMIC\FSE_Compilers\CXSTM8\Lib\libm0.sm8)imul.o
                                                       (C:\Program Files (x86)\COSMIC\FSE_Compilers\CXSTM8\Lib\libm0.sm8)lsdiv.o
                                                       (C:\Program Files (x86)\COSMIC\FSE_Compilers\CXSTM8\Lib\libm0.sm8)lmul.o
                                                       (C:\Program Files (x86)\COSMIC\FSE_Compilers\CXSTM8\Lib\libm0.sm8)sdivx.o
                                                       (C:\Program Files (x86)\COSMIC\FSE_Compilers\CXSTM8\Lib\libm0.sm8)umul.o
c_y                                 00000007   defined in (C:\Program Files (x86)\COSMIC\FSE_Compilers\CXSTM8\Lib\libm0.sm8)yreg.o section .ubsct
                                               used in C:\Program Files (x86)\COSMIC\FSE_Compilers\CXSTM8\Lib\crtsi0.sm8
                                                       Debug\stm8s_it.o
                                                       (C:\Program Files (x86)\COSMIC\FSE_Compilers\CXSTM8\Lib\libm0.sm8)umul.o
f_ADC1_IRQHandler                   00008784   defined in Debug\stm8s_it.o section .text
                                               used in Debug\stm8_interrupt_vector.o
f_AWU_IRQHandler                    000086ac   defined in Debug\stm8s_it.o section .text
                                               used in Debug\stm8_interrupt_vector.o
f_CLK_IRQHandler                    000086ad   defined in Debug\stm8s_it.o section .text
                                               used in Debug\stm8_interrupt_vector.o
f_EEPROM_EEC_IRQHandler             000087a8   defined in Debug\stm8s_it.o section .text
                                               used in Debug\stm8_interrupt_vector.o
f_EXTI_PORTA_IRQHandler             000086ae   defined in Debug\stm8s_it.o section .text
                                               used in Debug\stm8_interrupt_vector.o
f_EXTI_PORTB_IRQHandler             000086af   defined in Debug\stm8s_it.o section .text
                                               used in Debug\stm8_interrupt_vector.o
f_EXTI_PORTC_IRQHandler             000086b0   defined in Debug\stm8s_it.o section .text
                                               used in Debug\stm8_interrupt_vector.o
f_EXTI_PORTD_IRQHandler             000086b1   defined in Debug\stm8s_it.o section .text
                                               used in Debug\stm8_interrupt_vector.o
f_EXTI_PORTE_IRQHandler             000086b2   defined in Debug\stm8s_it.o section .text
                                               used in Debug\stm8_interrupt_vector.o
f_I2C_IRQHandler                    00008762   defined in Debug\stm8s_it.o section .text
                                               used in Debug\stm8_interrupt_vector.o
f_NonHandledInterrupt               000086a9   defined in Debug\stm8s_it.o section .text
                                               used in Debug\stm8_interrupt_vector.o
f_SPI_IRQHandler                    000086b3   defined in Debug\stm8s_it.o section .text
                                               used in Debug\stm8_interrupt_vector.o
f_TIM1_CAP_COM_IRQHandler           000086b5   defined in Debug\stm8s_it.o section .text
                                               used in Debug\stm8_interrupt_vector.o
f_TIM1_UPD_OVF_TRG_BRK_IRQHandler   000086b4   defined in Debug\stm8s_it.o section .text
                                               used in Debug\stm8_interrupt_vector.o
f_TIM2_CAP_COM_IRQHandler           0000875f   defined in Debug\stm8s_it.o section .text
                                               used in Debug\stm8_interrupt_vector.o
f_TIM2_UPD_OVF_BRK_IRQHandler       000086e8   defined in Debug\stm8s_it.o section .text
                                               used in Debug\stm8_interrupt_vector.o
f_TIM4_UPD_OVF_IRQHandler           00008785   defined in Debug\stm8s_it.o section .text
                                               used in Debug\stm8_interrupt_vector.o
f_TLI_IRQHandler                    000086ab   defined in Debug\stm8s_it.o section .text
                                               used in Debug\stm8_interrupt_vector.o
f_TRAP_IRQHandler                   000086aa   defined in Debug\stm8s_it.o section .text
                                               used in Debug\stm8_interrupt_vector.o
f_UART1_RX_IRQHandler               00008761   defined in Debug\stm8s_it.o section .text
                                               used in Debug\stm8_interrupt_vector.o
f_UART1_TX_IRQHandler               00008760   defined in Debug\stm8s_it.o section .text
                                               used in Debug\stm8_interrupt_vector.o
